==== 问题3（ζ 离散 1/80 ⇒ 物理 0.25 mm, dt=2.5 s） ====
基准: t* = 56.9672 h, Δt* = +0.0000 h（+0.0%）
Ta+2: t* = 53.4376 h, Δt* = -3.5296 h（-6.2%）
Ta-2: t* = 60.8269 h, Δt* = +3.8598 h（+6.8%）
Ca+20%: t* = 57.3278 h, Δt* = +0.3607 h（+0.6%）
Ca-20%: t* = 56.6606 h, Δt* = -0.3066 h（-0.5%）
h+50%: t* = 56.9411 h, Δt* = -0.0261 h（-0.0%）
h-50%: t* = 57.0471 h, Δt* = +0.0800 h（+0.1%）
hm+50%: t* = 54.9310 h, Δt* = -2.0362 h（-3.6%）
hm-50%: t* = 64.5249 h, Δt* = +7.5577 h（+13.3%）

==== 问题4（Δζ=1/80, dt=5 s） ====
基准: t* = 50.7713 h, Δt* = +0.0000 h（+0.0%）
Ta+2: t* = 47.6320 h, Δt* = -3.1393 h（-6.2%）
Ta-2: t* = 54.1994 h, Δt* = +3.4280 h（+6.8%）
Ca+20%: t* = 51.0982 h, Δt* = +0.3269 h（+0.6%）
Ca-20%: t* = 50.5283 h, Δt* = -0.2430 h（-0.5%）
h+50%: t* = 50.7476 h, Δt* = -0.0237 h（-0.0%）
h-50%: t* = 50.8461 h, Δt* = +0.0748 h（+0.1%）
hm+50%: t* = 50.0244 h, Δt* = -0.7469 h（-1.5%）
hm-50%: t* = 54.1098 h, Δt* = +3.3384 h（+6.6%）

