表1 温度 (°C)，行=100..1800 s，列=0/0.5/1/1.5/2 cm:
[[28.0001 28.0003 28.004  28.0327 28.1801]
 [28.0408 28.0635 28.1514 28.3681 28.8489]
 [28.4533 28.536  28.8039 29.3159 30.1652]
 [29.3243 29.4583 29.8755 30.6161 31.7304]
 [30.5427 30.7098 31.2223 32.1126 33.4276]
 [31.9957 32.1867 32.766  33.7463 35.1203]
 [33.5753 33.772  34.3642 35.3621 36.7856]]
表2 水分浓度 (kg/kg):
[[2.55   2.55   2.55   2.55   2.2471]
 [2.55   2.55   2.55   2.5492 2.0509]
 [2.55   2.55   2.55   2.5353 1.877 ]
 [2.55   2.55   2.5497 2.5045 1.7547]
 [2.55   2.55   2.5482 2.4646 1.6586]
 [2.55   2.5499 2.5445 2.4206 1.5787]
 [2.55   2.5497 2.5383 2.3755 1.5102]]
烘房@1800s: T=41.5130 C=0.03307
D(C) 表面值: t=0 -> 4.9377e-09, t=1800s -> 3.8830e-09
已写出 F:\Desktop\CUMCM\正赛\CUMCM\ProblemFolder\_verify\old\result1.xlsx
验证1 Bessel: 中心 数值=37.8050 解析=37.8050 | 表面 数值=39.4483 解析=39.4483
验证2 收敛: 表1 最大差 0.125mm->0.0625mm: 2.30e-05 °C, 0.0625mm->0.03125mm: 5.75e-06 °C
         表2 最大差 0.125mm->0.0625mm: 3.50e-04, 0.0625mm->0.03125mm: 8.72e-05 kg/kg
验证3 离散守恒: 0.125mm 离散 ΣvΔC=-5.129313e-05 vs -R∫h_m(C_R-C_air)dt=-5.129313e-05，差 1.54e-18
              0.03125mm 离散 ΣvΔC=-5.128889e-05 vs -R∫h_m(C_R-C_air)dt=-5.128889e-05，差 3.93e-19
验证4 渐近: t=20000s 中心 T=41.5130 (目标 41.5130)，表面 C=0.45701 (目标 0.04986)
验证4 渐近: t=50000s 中心 T=41.5130 (目标 41.5130)，表面 C=0.16262 (目标 0.04986)
验证4 渐近: t=100000s 中心 T=41.5130 (目标 41.5130)，表面 C=0.08129 (目标 0.04986)
附件2: t=0 半径=2.0000 cm，t=1800s 半径=1.8730 cm，末点 t=259200s 半径=1.1980 cm
