\BOOKMARK [1][-]{section*.1}{\376\377\116\000\060\001\225\356\230\230\221\315\217\360}{}% 1
\BOOKMARK [1][-]{section*.2}{\376\377\116\214\060\001\225\356\230\230\122\006\147\220}{}% 2
\BOOKMARK [2][-]{subsection*.3}{\376\377\0002\000.\0001\000\040\121\340\117\125\116\016\117\040\220\022\147\072\164\006\122\006\147\220}{section*.2}% 3
\BOOKMARK [2][-]{subsection*.4}{\376\377\0002\000.\0002\000\040\160\355\215\050\200\046\124\010\166\204\147\072\122\066\122\006\147\220}{section*.2}% 4
\BOOKMARK [2][-]{subsection*.5}{\376\377\0002\000.\0003\000\040\116\044\226\066\153\265\160\330\142\077\147\141\116\366\166\204\131\004\164\006}{section*.2}% 5
\BOOKMARK [2][-]{subsection*.6}{\376\377\0002\000.\0004\000\040\126\333\116\052\225\356\230\230\166\204\136\372\152\041\135\356\137\002}{section*.2}% 6
\BOOKMARK [1][-]{section*.7}{\376\377\116\011\060\001\152\041\127\213\120\107\213\276}{}% 7
\BOOKMARK [1][-]{section*.8}{\376\377\126\333\060\001\173\046\123\367\213\364\146\016}{}% 8
\BOOKMARK [1][-]{section*.9}{\376\377\116\224\060\001\152\041\127\213\166\204\136\372\172\313\116\016\154\102\211\343}{}% 9
\BOOKMARK [2][-]{subsection*.10}{\376\377\0005\000.\0001\000\040\225\356\230\230\000\040\0001\377\032\230\204\160\355\136\163\210\141\226\066\153\265\166\204\152\041\127\213}{section*.9}% 10
\BOOKMARK [2][-]{subsection*.11}{\376\377\0005\000.\0002\000\040\225\356\230\230\000\040\0002\377\032\0000\040\023\0003\000\040\000h\000\040\156\051\136\246\116\016\154\064\122\006\127\072\152\041\127\213}{section*.9}% 11
\BOOKMARK [2][-]{subsection*.12}{\376\377\0005\000.\0003\000\040\225\356\230\230\000\040\0003\377\032\121\150\172\013\160\330\136\162\152\041\127\213\116\016\145\366\225\177\122\044\143\156}{section*.9}% 12
\BOOKMARK [2][-]{subsection*.13}{\376\377\0005\000.\0004\000\040\225\356\230\230\000\040\0004\377\032\124\053\145\066\177\051\166\204\152\041\127\213}{section*.9}% 13
\BOOKMARK [2][-]{subsection*.14}{\376\377\0005\000.\0005\000\040\145\160\120\074\145\271\154\325}{section*.9}% 14
\BOOKMARK [2][-]{subsection*.15}{\376\377\0005\000.\0006\000\040\172\172\225\364\171\273\145\143\116\016\153\145\225\177\166\204\220\011\123\326}{section*.9}% 15
\BOOKMARK [1][-]{section*.16}{\376\377\121\155\060\001\154\102\211\343\176\323\147\234}{}% 16
\BOOKMARK [2][-]{subsection*.17}{\376\377\0006\000.\0001\000\040\225\356\230\230\000\040\0001\377\032\230\204\160\355\136\163\210\141\226\066\153\265\377\010\210\150\000\040\0001\060\001\210\150\000\040\0002\377\011}{section*.16}% 17
\BOOKMARK [2][-]{subsection*.18}{\376\377\0006\000.\0002\000\040\225\356\230\230\000\040\0002\377\032\122\115\000\040\0003\000\040\134\017\145\366\377\010\210\150\000\040\0003\060\001\210\150\000\040\0004\377\011}{section*.16}% 18
\BOOKMARK [2][-]{subsection*.19}{\376\377\0006\000.\0003\000\040\225\356\230\230\000\040\0003\377\032\160\330\136\162\145\366\225\177\116\016\121\150\172\013\154\064\122\006\127\072\377\010\210\150\000\040\0005\377\011}{section*.16}% 19
\BOOKMARK [2][-]{subsection*.20}{\376\377\0006\000.\0004\000\040\225\356\230\230\000\040\0004\377\032\124\053\145\066\177\051\166\204\160\330\136\162\145\366\225\177\377\010\210\150\000\040\0006\377\011}{section*.16}% 20
\BOOKMARK [1][-]{section*.21}{\376\377\116\003\060\001\152\041\127\213\166\204\150\300\232\214}{}% 21
\BOOKMARK [2][-]{subsection*.22}{\376\377\0007\000.\0001\000\040\000B\000e\000s\000s\000e\000l\000\040\176\247\145\160\211\343\147\220\211\343\133\371\161\147\377\010\225\356\230\230\000\040\0001\000\040\160\355\117\040\133\374\377\011}{section*.21}% 22
\BOOKMARK [2][-]{subsection*.23}{\376\377\0007\000.\0002\000\040\145\066\145\133\140\047\150\300\232\214}{section*.21}% 23
\BOOKMARK [2][-]{subsection*.24}{\376\377\0007\000.\0003\000\040\171\273\145\143\215\050\221\317\133\210\140\122\150\300\232\214}{section*.21}% 24
\BOOKMARK [2][-]{subsection*.25}{\376\377\0007\000.\0004\000\040\156\020\217\321\210\114\116\072\150\300\232\214}{section*.21}% 25
\BOOKMARK [2][-]{subsection*.26}{\376\377\0007\000.\0005\000\040\123\302\145\160\162\151\164\006\124\010\164\006\140\047\150\300\232\214}{section*.21}% 26
\BOOKMARK [2][-]{subsection*.27}{\376\377\0007\000.\0006\000\040\154\175\123\026\157\134\160\355\137\161\124\315\166\204\145\160\221\317\176\247\122\006\147\220}{section*.21}% 27
\BOOKMARK [2][-]{subsection*.28}{\376\377\0007\000.\0007\000\040\123\302\145\160\160\165\145\117\136\246\122\006\147\220}{section*.21}% 28
\BOOKMARK [1][-]{section*.29}{\376\377\121\153\060\001\152\041\127\213\166\204\213\304\116\367\116\016\143\250\136\177}{}% 29
\BOOKMARK [2][-]{subsection*.30}{\376\377\0008\000.\0001\000\040\152\041\127\213\117\030\160\271}{section*.29}% 30
\BOOKMARK [2][-]{subsection*.31}{\376\377\0008\000.\0002\000\040\152\041\127\213\116\015\215\263\116\016\145\071\217\333\145\271\124\021}{section*.29}% 31
\BOOKMARK [2][-]{subsection*.32}{\376\377\0008\000.\0003\000\040\152\041\127\213\143\250\136\177}{section*.29}% 32
\BOOKMARK [2][-]{subsection*.33}{\376\377\000A\000I\135\345\121\167\117\177\165\050\213\364\146\016}{section*.29}% 33
