xelatex: security risk: running with elevated privileges
This is XeTeX, Version 3.141592653-2.6-0.999997 (MiKTeX 25.4) (preloaded format=xelatex.fmt)
 restricted \write18 enabled.
entering extended mode
(A题论文.tex
LaTeX2e <2025-11-01>
L3 programming layer <2025-11-06>
(C:\Program Files\MikTex\tex/latex/ctex\ctexart.cls
(C:\Program Files\MikTex\tex/latex/ctex/config\ctexbackend.cfg)
(C:\Program Files\MikTex\tex/latex/l3kernel\expl3.sty
(C:\Program Files\MikTex\tex/latex/l3backend\l3backend-xetex.def))
Document Class: ctexart 2022/07/14 v2.5.10 Chinese adapter for class article (C
TEX)
(C:\Program Files\MikTex\tex/latex/ctex\ctexhook.sty)
(C:\Program Files\MikTex\tex/latex/ctex\ctexpatch.sty)
(C:\Program Files\MikTex\tex/latex/base\fix-cm.sty
(C:\Program Files\MikTex\tex/latex/base\ts1enc.def))
(C:\Program Files\MikTex\tex/latex/ctex/config\ctexopts.cfg)
(C:\Program Files\MikTex\tex/latex/base\article.cls
Document Class: article 2025/01/22 v1.4n Standard LaTeX document class
(C:\Program Files\MikTex\tex/latex/base\size12.clo))
(C:\Program Files\MikTex\tex/latex/ctex/engine\ctex-engine-xetex.def
(C:\Program Files\MikTex\tex/xelatex/xecjk\xeCJK.sty
(C:\Program Files\MikTex\tex/latex/l3packages/xtemplate\xtemplate.sty)
(C:\Program Files\MikTex\tex/latex/fontspec\fontspec.sty
(C:\Program Files\MikTex\tex/latex/l3packages/xparse\xparse.sty)
(C:\Program Files\MikTex\tex/latex/fontspec\fontspec-xetex.sty
(C:\Program Files\MikTex\tex/latex/base\fontenc.sty)
(C:\Program Files\MikTex\tex/latex/fontspec\fontspec.cfg)))
(C:\Program Files\MikTex\tex/xelatex/xecjk\xeCJK.cfg)))
(C:\Program Files\MikTex\tex/latex/zhnumber\zhnumber.sty
(C:\Program Files\MikTex\tex/latex/zhnumber\zhnumber-utf8.cfg))
(C:\Program Files\MikTex\tex/latex/ctex/scheme\ctex-scheme-chinese-article.def
(C:\Program Files\MikTex\tex/latex/ctex/config\ctex-name-utf8.cfg))
(C:\Program Files\MikTex\tex/latex/ctex/fontset\ctex-fontset-windows.def))
(C:\Program Files\MikTex\tex/latex/ctex/config\ctex.cfg)
(C:\Program Files\MikTex\tex/latex/amsmath\amsmath.sty
For additional information on amsmath, use the `?' option.
(C:\Program Files\MikTex\tex/latex/amsmath\amstext.sty
(C:\Program Files\MikTex\tex/latex/amsmath\amsgen.sty))
(C:\Program Files\MikTex\tex/latex/amsmath\amsbsy.sty)
(C:\Program Files\MikTex\tex/latex/amsmath\amsopn.sty))
(C:\Program Files\MikTex\tex/latex/amsfonts\amssymb.sty
(C:\Program Files\MikTex\tex/latex/amsfonts\amsfonts.sty))
(C:\Program Files\MikTex\tex/latex/booktabs\booktabs.sty)
(C:\Program Files\MikTex\tex/latex/tools\array.sty)
(C:\Program Files\MikTex\tex/latex/geometry\geometry.sty
(C:\Program Files\MikTex\tex/latex/graphics\keyval.sty)
(C:\Program Files\MikTex\tex/generic/iftex\ifvtex.sty
(C:\Program Files\MikTex\tex/generic/iftex\iftex.sty))
(C:\Program Files\MikTex\tex/latex/geometry\geometry.cfg))
(C:\Program Files\MikTex\tex/latex/enumitem\enumitem.sty)
(C:\Program Files\MikTex\tex/latex/listings\listings.sty
(C:\Program Files\MikTex\tex/latex/listings\lstpatch.sty)
(C:\Program Files\MikTex\tex/latex/listings\lstmisc.sty)
(C:\Program Files\MikTex\tex/latex/listings\listings.cfg))
(C:\Program Files\MikTex\tex/xelatex/xecjk\xeCJK-listings.sty)
==> First Aid for listings.sty no longer applied!
    Expected:
        2024/09/23 1.10c (Carsten Heinz)
    but found:
        2025/11/14 1.11b (Carsten Heinz)
    so I'm assuming it got fixed.
(C:\Program Files\MikTex\tex/latex/xcolor\xcolor.sty
(C:\Program Files\MikTex\tex/latex/graphics-cfg\color.cfg)
(C:\Program Files\MikTex\tex/latex/graphics-def\xetex.def)
(C:\Program Files\MikTex\tex/latex/graphics\mathcolor.ltx))
(C:\Program Files\MikTex\tex/latex/graphics\graphicx.sty
(C:\Program Files\MikTex\tex/latex/graphics\graphics.sty
(C:\Program Files\MikTex\tex/latex/graphics\trig.sty)
(C:\Program Files\MikTex\tex/latex/graphics-cfg\graphics.cfg)))
(C:\Program Files\MikTex\tex/latex/float\float.sty)
(C:\Program Files\MikTex\tex/latex/hyperref\hyperref.sty
(C:\Program Files\MikTex\tex/latex/kvsetkeys\kvsetkeys.sty)
(C:\Program Files\MikTex\tex/generic/kvdefinekeys\kvdefinekeys.sty)
(C:\Program Files\MikTex\tex/generic/pdfescape\pdfescape.sty
(C:\Program Files\MikTex\tex/generic/ltxcmds\ltxcmds.sty)
(C:\Program Files\MikTex\tex/generic/pdftexcmds\pdftexcmds.sty
(C:\Program Files\MikTex\tex/generic/infwarerr\infwarerr.sty)))
(C:\Program Files\MikTex\tex/latex/hycolor\hycolor.sty)
(C:\Program Files\MikTex\tex/latex/hyperref\nameref.sty
(C:\Program Files\MikTex\tex/latex/refcount\refcount.sty)
(C:\Program Files\MikTex\tex/generic/gettitlestring\gettitlestring.sty
(C:\Program Files\MikTex\tex/latex/kvoptions\kvoptions.sty)))
(C:\Program Files\MikTex\tex/latex/etoolbox\etoolbox.sty)
(C:\Program Files\MikTex\tex/generic/stringenc\stringenc.sty)
(C:\Program Files\MikTex\tex/latex/hyperref\pd1enc.def)
(C:\Program Files\MikTex\tex/generic/intcalc\intcalc.sty)
(C:\Program Files\MikTex\tex/latex/hyperref\puenc.def)
(C:\Program Files\MikTex\tex/latex/url\url.sty)
(C:\Program Files\MikTex\tex/generic/bitset\bitset.sty
(C:\Program Files\MikTex\tex/generic/bigintcalc\bigintcalc.sty)))
(C:\Program Files\MikTex\tex/latex/hyperref\hxetex.def
(C:\Program Files\MikTex\tex/latex/rerunfilecheck\rerunfilecheck.sty
(C:\Program Files\MikTex\tex/generic/uniquecounter\uniquecounter.sty)))
(C:\Program Files\MikTex\tex/latex/fancyhdr\fancyhdr.sty)
(C:\Program Files\MikTex\tex/latex/listings\lstlang1.sty) (A题论文.aux)
*geometry* driver: auto-detecting
*geometry* detected driver: xetex
(A题论文.out) (A题论文.out) (C:\Program Files\MikTex\tex/latex/amsfonts\umsa.fd)
(C:\Program Files\MikTex\tex/latex/amsfonts\umsb.fd) [1miktex-dvipdfmx: security risk: running with elevated privileges
] [2] [3] [4] [5]
[6] [7] [8] [9] [10] [11] [12] [13] [14] [15] [16] [17] [18] [19] [20] [21]
[22] [23] [24] (附录源程序_旧版.tex [25]

LaTeX Font Warning: Font shape `TU/FangSong(0)/m/it' undefined
(Font)              using `TU/FangSong(0)/m/n' instead on input line 34.

[26]
Missing character: There is no ∫ in font [lmmono10-italic]:!
[27]
Missing character: There is no ∫ in font [lmmono10-italic]:!
[28]
Missing character: There is no ∫ in font [lmmono8-regular]:!
Missing character: There is no ∫ in font [lmmono8-regular]:!
[29] [30] [31] [32] [33] [34] [35]
Missing character: There is no ∫ in font [lmmono8-regular]:!
[36]
Missing character: There is no ζ in font [lmmono8-regular]:!
Missing character: There is no ∫ in font [lmmono8-regular]:!
Missing character: There is no ζ in font [lmmono8-regular]:!
Missing character: There is no ζ in font [lmmono10-italic]:!
[37]
Missing character: There is no ζ in font [lmmono8-regular]:!
Missing character: There is no ζ in font [lmmono8-regular]:!
Missing character: There is no ζ in font [lmmono8-regular]:!
Missing character: There is no ζ in font [lmmono8-regular]:!
Missing character: There is no ζ in font [lmmono10-italic]:!
[38] [39]
Missing character: There is no ζ in font [lmmono10-italic]:!
Missing character: There is no ∫ in font [lmmono10-italic]:!
Missing character: There is no ∫ in font [lmmono10-italic]:!
Missing character: There is no ∫ in font [lmmono8-regular]:!
[40]
Missing character: There is no ζ in font [lmmono10-italic]:!
Missing character: There is no ζ in font [lmmono8-regular]:!
Missing character: There is no ζ in font [lmmono8-regular]:!
[41]
Missing character: There is no ζ in font [lmmono8-regular]:!
[42]
Missing character: There is no ≡ in font [lmmono8-regular]:!
Missing character: There is no ζ in font [lmmono10-italic]:!
Missing character: There is no ζ in font [lmmono8-regular]:!
[43]
Missing character: There is no ζ in font [lmmono8-regular]:!
Missing character: There is no ⇒ in font [lmmono8-regular]:!
Missing character: There is no ζ in font [lmmono8-regular]:!
Missing character: There is no ≈ in font [lmmono8-regular]:!
[44]
Missing character: There is no ≈ in font [lmmono8-regular]:!
Missing character: There is no ≈ in font [lmmono8-regular]:!
[45] [46] [47] [48]
Missing character: There is no ∫ in font [lmmono8-regular]:!
Missing character: There is no ≈ in font [lmmono8-regular]:!
Missing character: There is no ≈ in font [lmmono8-regular]:!
) [49] (A题论文.aux)

LaTeX Font Warning: Some font shapes were not available, defaults substituted.

 )
Output written on A题论文.pdf (49 pages).
Transcript written on A题论文.log.
